2026-09-15 10:22:54 DEBUG [office.calendar.CalendarApplication] - Running with Spring Boot v4.1.1, Spring v7.0.9
2026-09-15 10:23:00 DEBUG [office.calendar.HomeController] - DEBUG : home()
2026-09-15 10:23:02 DEBUG [office.calendar.HomeController] - DEBUG : home()
2026-09-15 11:07:10 DEBUG [office.calendar.CalendarApplication] - Running with Spring Boot v4.1.1, Spring v7.0.9
2026-09-15 11:07:48 DEBUG [office.calendar.CalendarApplication] - Running with Spring Boot v4.1.1, Spring v7.0.9
2026-09-15 11:09:13 DEBUG [office.calendar.CalendarApplication] - Running with Spring Boot v4.1.1, Spring v7.0.9
2026-09-15 11:12:45 DEBUG [office.calendar.CalendarApplication] - Running with Spring Boot v4.1.1, Spring v7.0.9
2026-09-15 11:17:01 DEBUG [office.calendar.CalendarApplication] - Running with Spring Boot v4.1.1, Spring v7.0.9
2026-09-15 11:17:04 DEBUG [office.calendar.CalendarApplication] - Running with Spring Boot v4.1.1, Spring v7.0.9
2026-09-15 11:35:23 DEBUG [office.calendar.CalendarApplication] - Running with Spring Boot v4.1.1, Spring v7.0.9
2026-09-15 11:43:36 DEBUG [office.calendar.CalendarApplication] - Running with Spring Boot v4.1.1, Spring v7.0.9
2026-09-15 11:46:12 DEBUG [office.calendar.CalendarApplication] - Running with Spring Boot v4.1.1, Spring v7.0.9
2026-09-15 12:03:54 DEBUG [office.calendar.CalendarApplication] - Running with Spring Boot v4.1.1, Spring v7.0.9
2026-09-15 12:04:02 DEBUG [office.calendar.HomeController] - DEBUG : home()
2026-09-15 12:04:18 DEBUG [mapper.MemberMapper.selectMemberByID] - ==>  Preparing: SELECT * FROM user_member WHERE id = ?
2026-09-15 12:04:18 DEBUG [mapper.MemberMapper.selectMemberByID] - ==> Parameters: miraekim(String)
2026-09-15 12:04:18 DEBUG [mapper.MemberMapper.selectMemberByID] - <==      Total: 1
2026-09-15 12:05:34 DEBUG [mapper.MemberMapper.selectMemberByID] - ==>  Preparing: SELECT * FROM user_member WHERE id = ?
2026-09-15 12:05:34 DEBUG [mapper.MemberMapper.selectMemberByID] - ==> Parameters: null
2026-09-15 12:05:34 DEBUG [mapper.MemberMapper.selectMemberByID] - <==      Total: 0
2026-09-15 12:14:28 DEBUG [office.calendar.CalendarApplication] - Running with Spring Boot v4.1.1, Spring v7.0.9
2026-09-15 12:28:35 DEBUG [office.calendar.CalendarApplication] - Running with Spring Boot v4.1.1, Spring v7.0.9
2026-09-15 12:28:38 DEBUG [office.calendar.CalendarApplication] - Running with Spring Boot v4.1.1, Spring v7.0.9
2026-09-15 12:33:24 DEBUG [office.calendar.CalendarApplication] - Running with Spring Boot v4.1.1, Spring v7.0.9
2026-09-15 12:33:32 DEBUG [office.calendar.HomeController] - DEBUG : home()
2026-09-15 12:33:35 DEBUG [office.calendar.HomeController] - DEBUG : home()
2026-09-15 12:33:57 DEBUG [mapper.MemberMapper.isMember] - ==>  Preparing: SELECT COUNT(*) FROM user_member WHERE id = ?
2026-09-15 12:33:57 DEBUG [mapper.MemberMapper.isMember] - ==> Parameters: park_jungho(String)
2026-09-15 12:33:57 DEBUG [mapper.MemberMapper.isMember] - <==      Total: 1
2026-09-15 12:33:57 DEBUG [mapper.MemberMapper.insertMember] - ==>  Preparing: INSERT INTOuser_member(id, pw, mail, phone) VALUES (?, ?, ?, ?)
2026-09-15 12:33:57 DEBUG [mapper.MemberMapper.insertMember] - ==> Parameters: park_jungho(String), $2a$10$vFwpsW.SttTcP4tpEca1fO7pwYZp38B.tFD9HLP7RcjMvZhSUXd.C(String), jungho@gmail.com(String), 010-9999-9999(String)
2026-09-15 12:34:49 DEBUG [office.calendar.CalendarApplication] - Running with Spring Boot v4.1.1, Spring v7.0.9
2026-09-15 12:34:57 DEBUG [mapper.MemberMapper.isMember] - ==>  Preparing: SELECT COUNT(*) FROM user_member WHERE id = ?
2026-09-15 12:34:57 DEBUG [mapper.MemberMapper.isMember] - ==> Parameters: park_jungho(String)
2026-09-15 12:34:57 DEBUG [mapper.MemberMapper.isMember] - <==      Total: 1
2026-09-15 12:34:57 DEBUG [mapper.MemberMapper.insertMember] - ==>  Preparing: INSERT INTO user_member(id, pw, mail, phone) VALUES (?, ?, ?, ?)
2026-09-15 12:34:57 DEBUG [mapper.MemberMapper.insertMember] - ==> Parameters: park_jungho(String), $2a$10$ygNzV1O.2ZtAMuTb6KI.TuR8cEhZMrboaQeq6pQx4hhgnFaNNwmMy(String), jungho@gmail.com(String), 010-9999-9999(String)
2026-09-16 11:11:46 DEBUG [office.calendar.CalendarApplication] - Running with Spring Boot v4.1.1, Spring v7.0.9
2026-09-16 11:12:01 DEBUG [office.calendar.HomeController] - DEBUG:: home()
2026-09-16 11:25:53 DEBUG [office.calendar.CalendarApplication] - Running with Spring Boot v4.1.1, Spring v7.0.9
2026-09-16 11:34:38 DEBUG [office.calendar.CalendarApplication] - Running with Spring Boot v4.1.1, Spring v7.0.9
2026-09-16 11:34:49 DEBUG [office.calendar.CalendarApplication] - Running with Spring Boot v4.1.1, Spring v7.0.9
2026-09-16 11:42:59 DEBUG [office.calendar.CalendarApplication] - Running with Spring Boot v4.1.1, Spring v7.0.9
2026-09-16 11:45:48 DEBUG [office.calendar.CalendarApplication] - Running with Spring Boot v4.1.1, Spring v7.0.9
2026-09-16 11:45:51 DEBUG [office.calendar.CalendarApplication] - Running with Spring Boot v4.1.1, Spring v7.0.9
2026-09-16 11:53:03 DEBUG [office.calendar.CalendarApplication] - Running with Spring Boot v4.1.1, Spring v7.0.9
2026-09-16 11:53:06 DEBUG [office.calendar.CalendarApplication] - Running with Spring Boot v4.1.1, Spring v7.0.9
2026-09-16 12:23:29 DEBUG [office.calendar.CalendarApplication] - Running with Spring Boot v4.1.1, Spring v7.0.9
2026-09-16 12:23:31 DEBUG [office.calendar.CalendarApplication] - Running with Spring Boot v4.1.1, Spring v7.0.9
2026-09-16 12:26:07 DEBUG [office.calendar.CalendarApplication] - Running with Spring Boot v4.1.1, Spring v7.0.9
2026-09-16 12:29:53 DEBUG [office.calendar.CalendarApplication] - Running with Spring Boot v4.1.1, Spring v7.0.9
2026-09-16 12:36:07 DEBUG [office.calendar.CalendarApplication] - Running with Spring Boot v4.1.1, Spring v7.0.9
2026-09-16 12:39:56 DEBUG [office.calendar.CalendarApplication] - Running with Spring Boot v4.1.1, Spring v7.0.9
2026-09-17 09:35:45 DEBUG [office.calendar.CalendarApplication] - Running with Spring Boot v4.1.1, Spring v7.0.9
2026-09-17 09:37:36 DEBUG [office.calendar.HomeController] - DEBUG:: home()
2026-09-17 09:45:00 DEBUG [office.calendar.CalendarApplication] - Running with Spring Boot v4.1.1, Spring v7.0.9
2026-09-17 11:42:49 DEBUG [office.calendar.CalendarApplication] - Running with Spring Boot v4.1.1, Spring v7.0.9
2026-09-17 11:44:36 DEBUG [office.calendar.CalendarApplication] - Running with Spring Boot v4.1.1, Spring v7.0.9
2026-09-17 11:47:45 DEBUG [office.calendar.CalendarApplication] - Running with Spring Boot v4.1.1, Spring v7.0.9
2026-09-17 11:50:48 DEBUG [office.calendar.CalendarApplication] - Running with Spring Boot v4.1.1, Spring v7.0.9
2026-09-17 11:57:40 DEBUG [office.calendar.CalendarApplication] - Running with Spring Boot v4.1.1, Spring v7.0.9
2026-09-17 11:59:18 DEBUG [office.calendar.CalendarApplication] - Running with Spring Boot v4.1.1, Spring v7.0.9
2026-09-17 11:59:21 DEBUG [office.calendar.CalendarApplication] - Running with Spring Boot v4.1.1, Spring v7.0.9
2026-09-17 12:16:53 DEBUG [office.calendar.CalendarApplication] - Running with Spring Boot v4.1.1, Spring v7.0.9
2026-09-17 12:16:55 DEBUG [office.calendar.CalendarApplication] - Running with Spring Boot v4.1.1, Spring v7.0.9
2026-09-17 12:23:18 DEBUG [office.calendar.CalendarApplication] - Running with Spring Boot v4.1.1, Spring v7.0.9
2026-09-17 12:23:36 DEBUG [office.calendar.HomeController] - DEBUG:: home()
2026-09-17 12:23:41 DEBUG [office.calendar.HomeController] - DEBUG:: home()
2026-09-17 12:23:44 DEBUG [office.calendar.HomeController] - DEBUG:: home()
2026-09-17 12:25:30 DEBUG [office.calendar.CalendarApplication] - Running with Spring Boot v4.1.1, Spring v7.0.9
2026-09-17 12:26:17 DEBUG [office.calendar.CalendarApplication] - Running with Spring Boot v4.1.1, Spring v7.0.9
2026-09-17 12:26:26 DEBUG [office.calendar.HomeController] - DEBUG:: home()
2026-09-17 12:28:06 DEBUG [office.calendar.HomeController] - DEBUG:: home()
2026-09-17 12:28:18 DEBUG [office.calendar.HomeController] - DEBUG:: home()
2026-09-17 12:30:03 DEBUG [office.calendar.CalendarApplication] - Running with Spring Boot v4.1.1, Spring v7.0.9
2026-09-17 12:30:17 DEBUG [office.calendar.CalendarApplication] - Running with Spring Boot v4.1.1, Spring v7.0.9
2026-09-17 12:30:18 DEBUG [office.calendar.HomeController] - DEBUG:: home()
2026-09-17 12:30:32 DEBUG [office.calendar.HomeController] - DEBUG:: home()
2026-09-21 12:38:07 DEBUG [office.calendar.CalendarApplication] - Running with Spring Boot v4.1.1, Spring v7.0.9
2026-09-21 12:38:13 DEBUG [office.calendar.HomeController] - DEBUG:: home()
2026-09-21 12:38:30 DEBUG [office.calendar.HomeController] - DEBUG:: home()
2026-09-21 12:38:44 DEBUG [office.calendar.HomeController] - DEBUG:: home()
2026-09-21 12:38:55 DEBUG [office.calendar.HomeController] - DEBUG:: home()
2026-09-22 09:05:06 DEBUG [office.calendar.CalendarApplication] - Running with Spring Boot v4.1.1, Spring v7.0.9
2026-09-22 09:05:14 DEBUG [office.calendar.HomeController] - DEBUG:: home()
2026-09-22 09:06:41 DEBUG [office.calendar.HomeController] - DEBUG:: home()
2026-09-22 09:06:52 DEBUG [office.calendar.HomeController] - DEBUG:: home()
2026-09-22 09:21:52 DEBUG [office.calendar.CalendarApplication] - Running with Spring Boot v4.1.1, Spring v7.0.9
2026-09-22 09:24:35 DEBUG [office.calendar.HomeController] - DEBUG:: home()
2026-09-22 09:24:41 DEBUG [office.calendar.HomeController] - DEBUG:: home()
2026-09-22 10:02:22 DEBUG [office.calendar.CalendarApplication] - Running with Spring Boot v4.1.1, Spring v7.0.9
2026-09-22 10:05:16 DEBUG [office.calendar.CalendarApplication] - Running with Spring Boot v4.1.1, Spring v7.0.9
2026-09-22 10:06:35 DEBUG [office.calendar.CalendarApplication] - Running with Spring Boot v4.1.1, Spring v7.0.9
2026-09-22 10:08:28 DEBUG [office.calendar.CalendarApplication] - Running with Spring Boot v4.1.1, Spring v7.0.9
2026-09-22 10:11:59 DEBUG [office.calendar.CalendarApplication] - Running with Spring Boot v4.1.1, Spring v7.0.9
2026-09-22 10:16:58 DEBUG [office.calendar.CalendarApplication] - Running with Spring Boot v4.1.1, Spring v7.0.9
2026-09-22 10:21:33 DEBUG [office.calendar.CalendarApplication] - Running with Spring Boot v4.1.1, Spring v7.0.9
2026-09-22 10:21:50 DEBUG [office.calendar.CalendarApplication] - Running with Spring Boot v4.1.1, Spring v7.0.9
2026-09-22 10:44:41 DEBUG [office.calendar.CalendarApplication] - Running with Spring Boot v4.1.1, Spring v7.0.9
2026-09-22 10:57:11 DEBUG [office.calendar.CalendarApplication] - Running with Spring Boot v4.1.1, Spring v7.0.9
2026-09-22 10:57:17 DEBUG [office.calendar.CalendarApplication] - Running with Spring Boot v4.1.1, Spring v7.0.9
2026-09-22 10:57:45 DEBUG [office.calendar.CalendarApplication] - Running with Spring Boot v4.1.1, Spring v7.0.9
2026-09-22 11:05:30 DEBUG [office.calendar.CalendarApplication] - Running with Spring Boot v4.1.1, Spring v7.0.9
2026-09-22 11:09:06 DEBUG [office.calendar.CalendarApplication] - Running with Spring Boot v4.1.1, Spring v7.0.9
2026-09-22 11:14:30 DEBUG [office.calendar.CalendarApplication] - Running with Spring Boot v4.1.1, Spring v7.0.9
2026-09-22 11:15:47 DEBUG [office.calendar.CalendarApplication] - Running with Spring Boot v4.1.1, Spring v7.0.9
2026-09-22 11:23:37 DEBUG [office.calendar.CalendarApplication] - Running with Spring Boot v4.1.1, Spring v7.0.9
2026-09-22 11:25:46 DEBUG [office.calendar.CalendarApplication] - Running with Spring Boot v4.1.1, Spring v7.0.9
2026-09-22 11:26:04 DEBUG [office.calendar.CalendarApplication] - Running with Spring Boot v4.1.1, Spring v7.0.9
2026-09-22 11:28:08 DEBUG [office.calendar.CalendarApplication] - Running with Spring Boot v4.1.1, Spring v7.0.9
2026-09-22 11:28:44 DEBUG [office.calendar.CalendarApplication] - Running with Spring Boot v4.1.1, Spring v7.0.9
2026-09-22 11:29:00 DEBUG [office.calendar.HomeController] - DEBUG:: home()
2026-09-22 11:29:05 DEBUG [office.calendar.HomeController] - DEBUG:: home()
2026-09-22 11:33:55 DEBUG [office.calendar.CalendarApplication] - Running with Spring Boot v4.1.1, Spring v7.0.9
2026-09-22 11:38:11 DEBUG [office.calendar.CalendarApplication] - Running with Spring Boot v4.1.1, Spring v7.0.9
2026-09-22 12:08:09 DEBUG [office.calendar.CalendarApplication] - Running with Spring Boot v4.1.1, Spring v7.0.9
2026-09-22 12:12:35 DEBUG [office.calendar.CalendarApplication] - Running with Spring Boot v4.1.1, Spring v7.0.9
2026-09-23 09:09:08 DEBUG [office.calendar.CalendarApplication] - Running with Spring Boot v4.1.1, Spring v7.0.9
2026-09-23 09:09:21 DEBUG [office.calendar.HomeController] - DEBUG:: home()
2026-09-23 09:12:41 DEBUG [office.calendar.CalendarApplication] - Running with Spring Boot v4.1.1, Spring v7.0.9
2026-09-23 09:13:08 DEBUG [office.calendar.CalendarApplication] - Running with Spring Boot v4.1.1, Spring v7.0.9
2026-09-23 09:23:05 DEBUG [office.calendar.CalendarApplication] - Running with Spring Boot v4.1.1, Spring v7.0.9
2026-09-23 09:24:25 DEBUG [office.calendar.CalendarApplication] - Running with Spring Boot v4.1.1, Spring v7.0.9
2026-09-23 09:42:49 DEBUG [office.calendar.CalendarApplication] - Running with Spring Boot v4.1.1, Spring v7.0.9
2026-09-23 09:43:07 DEBUG [office.calendar.CalendarApplication] - Running with Spring Boot v4.1.1, Spring v7.0.9
2026-09-23 09:45:21 DEBUG [office.calendar.CalendarApplication] - Running with Spring Boot v4.1.1, Spring v7.0.9
2026-09-23 09:50:01 DEBUG [office.calendar.CalendarApplication] - Running with Spring Boot v4.1.1, Spring v7.0.9
2026-09-23 09:50:59 DEBUG [office.calendar.CalendarApplication] - Running with Spring Boot v4.1.1, Spring v7.0.9
2026-09-23 10:07:03 DEBUG [office.calendar.CalendarApplication] - Running with Spring Boot v4.1.1, Spring v7.0.9
2026-09-23 10:09:37 DEBUG [office.calendar.CalendarApplication] - Running with Spring Boot v4.1.1, Spring v7.0.9
2026-09-23 10:10:05 DEBUG [office.calendar.CalendarApplication] - Running with Spring Boot v4.1.1, Spring v7.0.9
2026-09-23 10:19:49 DEBUG [office.calendar.CalendarApplication] - Running with Spring Boot v4.1.1, Spring v7.0.9
2026-09-23 10:24:02 DEBUG [office.calendar.CalendarApplication] - Running with Spring Boot v4.1.1, Spring v7.0.9
2026-09-23 10:24:47 DEBUG [office.calendar.CalendarApplication] - Running with Spring Boot v4.1.1, Spring v7.0.9
2026-09-23 10:29:28 DEBUG [office.calendar.CalendarApplication] - Running with Spring Boot v4.1.1, Spring v7.0.9
2026-09-23 10:29:54 DEBUG [office.calendar.CalendarApplication] - Running with Spring Boot v4.1.1, Spring v7.0.9
2026-09-23 10:36:45 DEBUG [office.calendar.CalendarApplication] - Running with Spring Boot v4.1.1, Spring v7.0.9
2026-09-23 10:51:01 DEBUG [office.calendar.CalendarApplication] - Running with Spring Boot v4.1.1, Spring v7.0.9
2026-09-23 10:57:18 DEBUG [office.calendar.CalendarApplication] - Running with Spring Boot v4.1.1, Spring v7.0.9
2026-09-23 10:57:26 DEBUG [office.calendar.CalendarApplication] - Running with Spring Boot v4.1.1, Spring v7.0.9
2026-09-23 11:03:24 DEBUG [office.calendar.CalendarApplication] - Running with Spring Boot v4.1.1, Spring v7.0.9
2026-09-23 11:04:35 DEBUG [office.calendar.CalendarApplication] - Running with Spring Boot v4.1.1, Spring v7.0.9
2026-09-23 11:11:07 DEBUG [office.calendar.CalendarApplication] - Running with Spring Boot v4.1.1, Spring v7.0.9
2026-09-23 11:20:17 DEBUG [office.calendar.CalendarApplication] - Running with Spring Boot v4.1.1, Spring v7.0.9
2026-09-23 11:40:05 DEBUG [office.calendar.CalendarApplication] - Running with Spring Boot v4.1.1, Spring v7.0.9
2026-09-23 11:40:08 DEBUG [office.calendar.CalendarApplication] - Running with Spring Boot v4.1.1, Spring v7.0.9
2026-09-23 12:00:13 DEBUG [office.calendar.CalendarApplication] - Running with Spring Boot v4.1.1, Spring v7.0.9
