2026-09-15 10:22:54 INFO  [office.calendar.CalendarApplication] - Starting CalendarApplication using Java 17.0.20.1 with PID 6616 (C:\lyh\springboot_intellij\pjt\calendar\build\classes\java\main started by DW in C:\lyh\springboot_intellij\pjt\calendar)
2026-09-15 10:22:54 INFO  [office.calendar.CalendarApplication] - No active profile set, falling back to 1 default profile: "default"
2026-09-15 10:22:56 INFO  [office.calendar.CalendarApplication] - Started CalendarApplication in 2.535 seconds (process running for 3.361)
2026-09-15 10:23:00 INFO  [office.calendar.HomeController] - INFO : home()
2026-09-15 10:23:02 INFO  [office.calendar.HomeController] - INFO : home()
2026-09-15 11:07:10 INFO  [office.calendar.CalendarApplication] - Starting CalendarApplication using Java 17.0.20.1 with PID 6616 (C:\lyh\springboot_intellij\pjt\calendar\build\classes\java\main started by DW in C:\lyh\springboot_intellij\pjt\calendar)
2026-09-15 11:07:10 INFO  [office.calendar.CalendarApplication] - No active profile set, falling back to 1 default profile: "default"
2026-09-15 11:07:10 INFO  [office.calendar.CalendarApplication] - Started CalendarApplication in 0.568 seconds (process running for 2660.433)
2026-09-15 11:07:48 INFO  [office.calendar.CalendarApplication] - Starting CalendarApplication using Java 17.0.20.1 with PID 6616 (C:\lyh\springboot_intellij\pjt\calendar\build\classes\java\main started by DW in C:\lyh\springboot_intellij\pjt\calendar)
2026-09-15 11:07:48 INFO  [office.calendar.CalendarApplication] - No active profile set, falling back to 1 default profile: "default"
2026-09-15 11:07:49 INFO  [office.calendar.CalendarApplication] - Started CalendarApplication in 0.491 seconds (process running for 2698.691)
2026-09-15 11:09:13 INFO  [office.calendar.CalendarApplication] - Starting CalendarApplication using Java 17.0.20.1 with PID 6616 (C:\lyh\springboot_intellij\pjt\calendar\build\classes\java\main started by DW in C:\lyh\springboot_intellij\pjt\calendar)
2026-09-15 11:09:13 INFO  [office.calendar.CalendarApplication] - No active profile set, falling back to 1 default profile: "default"
2026-09-15 11:09:14 INFO  [office.calendar.CalendarApplication] - Started CalendarApplication in 0.465 seconds (process running for 2783.773)
2026-09-15 11:12:45 INFO  [office.calendar.CalendarApplication] - Starting CalendarApplication using Java 17.0.20.1 with PID 6616 (C:\lyh\springboot_intellij\pjt\calendar\build\classes\java\main started by DW in C:\lyh\springboot_intellij\pjt\calendar)
2026-09-15 11:12:45 INFO  [office.calendar.CalendarApplication] - No active profile set, falling back to 1 default profile: "default"
2026-09-15 11:12:46 INFO  [office.calendar.CalendarApplication] - Started CalendarApplication in 0.463 seconds (process running for 2995.792)
2026-09-15 11:17:01 INFO  [office.calendar.CalendarApplication] - Starting CalendarApplication using Java 17.0.20.1 with PID 6616 (C:\lyh\springboot_intellij\pjt\calendar\build\classes\java\main started by DW in C:\lyh\springboot_intellij\pjt\calendar)
2026-09-15 11:17:01 INFO  [office.calendar.CalendarApplication] - No active profile set, falling back to 1 default profile: "default"
2026-09-15 11:17:02 INFO  [office.calendar.CalendarApplication] - Started CalendarApplication in 0.566 seconds (process running for 3252.119)
2026-09-15 11:17:04 INFO  [office.calendar.CalendarApplication] - Starting CalendarApplication using Java 17.0.20.1 with PID 6616 (C:\lyh\springboot_intellij\pjt\calendar\build\classes\java\main started by DW in C:\lyh\springboot_intellij\pjt\calendar)
2026-09-15 11:17:04 INFO  [office.calendar.CalendarApplication] - No active profile set, falling back to 1 default profile: "default"
2026-09-15 11:17:04 INFO  [office.calendar.CalendarApplication] - Started CalendarApplication in 0.434 seconds (process running for 3254.19)
2026-09-15 11:35:23 INFO  [office.calendar.CalendarApplication] - Starting CalendarApplication using Java 17.0.20.1 with PID 16144 (C:\lyh\springboot_intellij\pjt\calendar\build\classes\java\main started by DW in C:\lyh\springboot_intellij\pjt\calendar)
2026-09-15 11:35:23 INFO  [office.calendar.CalendarApplication] - No active profile set, falling back to 1 default profile: "default"
2026-09-15 11:43:36 INFO  [office.calendar.CalendarApplication] - Starting CalendarApplication using Java 17.0.20.1 with PID 15840 (C:\lyh\springboot_intellij\pjt\calendar\build\classes\java\main started by DW in C:\lyh\springboot_intellij\pjt\calendar)
2026-09-15 11:43:36 INFO  [office.calendar.CalendarApplication] - No active profile set, falling back to 1 default profile: "default"
2026-09-15 11:46:12 INFO  [office.calendar.CalendarApplication] - Starting CalendarApplication using Java 17.0.20.1 with PID 8036 (C:\lyh\springboot_intellij\pjt\calendar\build\classes\java\main started by DW in C:\lyh\springboot_intellij\pjt\calendar)
2026-09-15 11:46:12 INFO  [office.calendar.CalendarApplication] - No active profile set, falling back to 1 default profile: "default"
2026-09-15 12:03:54 INFO  [office.calendar.CalendarApplication] - Starting CalendarApplication using Java 17.0.20.1 with PID 1408 (C:\lyh\springboot_intellij\pjt\calendar\build\classes\java\main started by DW in C:\lyh\springboot_intellij\pjt\calendar)
2026-09-15 12:03:54 INFO  [office.calendar.CalendarApplication] - No active profile set, falling back to 1 default profile: "default"
2026-09-15 12:03:57 INFO  [office.calendar.CalendarApplication] - Started CalendarApplication in 3.355 seconds (process running for 4.209)
2026-09-15 12:04:02 INFO  [office.calendar.HomeController] - INFO : home()
2026-09-15 12:14:28 INFO  [office.calendar.CalendarApplication] - Starting CalendarApplication using Java 17.0.20.1 with PID 1408 (C:\lyh\springboot_intellij\pjt\calendar\build\classes\java\main started by DW in C:\lyh\springboot_intellij\pjt\calendar)
2026-09-15 12:14:28 INFO  [office.calendar.CalendarApplication] - No active profile set, falling back to 1 default profile: "default"
2026-09-15 12:14:29 INFO  [office.calendar.CalendarApplication] - Started CalendarApplication in 0.575 seconds (process running for 635.785)
2026-09-15 12:28:35 INFO  [office.calendar.CalendarApplication] - Starting CalendarApplication using Java 17.0.20.1 with PID 1408 (C:\lyh\springboot_intellij\pjt\calendar\build\classes\java\main started by DW in C:\lyh\springboot_intellij\pjt\calendar)
2026-09-15 12:28:35 INFO  [office.calendar.CalendarApplication] - No active profile set, falling back to 1 default profile: "default"
2026-09-15 12:28:36 INFO  [office.calendar.CalendarApplication] - Started CalendarApplication in 0.568 seconds (process running for 1483.138)
2026-09-15 12:28:38 INFO  [office.calendar.CalendarApplication] - Starting CalendarApplication using Java 17.0.20.1 with PID 1408 (C:\lyh\springboot_intellij\pjt\calendar\build\classes\java\main started by DW in C:\lyh\springboot_intellij\pjt\calendar)
2026-09-15 12:28:38 INFO  [office.calendar.CalendarApplication] - No active profile set, falling back to 1 default profile: "default"
2026-09-15 12:28:38 INFO  [office.calendar.CalendarApplication] - Started CalendarApplication in 0.489 seconds (process running for 1485.29)
2026-09-15 12:33:24 INFO  [office.calendar.CalendarApplication] - Starting CalendarApplication using Java 17.0.20.1 with PID 7508 (C:\lyh\springboot_intellij\pjt\calendar\build\classes\java\main started by DW in C:\lyh\springboot_intellij\pjt\calendar)
2026-09-15 12:33:24 INFO  [office.calendar.CalendarApplication] - No active profile set, falling back to 1 default profile: "default"
2026-09-15 12:33:26 INFO  [office.calendar.CalendarApplication] - Started CalendarApplication in 2.801 seconds (process running for 3.614)
2026-09-15 12:33:32 INFO  [office.calendar.HomeController] - INFO : home()
2026-09-15 12:33:35 INFO  [office.calendar.HomeController] - INFO : home()
2026-09-15 12:34:49 INFO  [office.calendar.CalendarApplication] - Starting CalendarApplication using Java 17.0.20.1 with PID 7508 (C:\lyh\springboot_intellij\pjt\calendar\build\classes\java\main started by DW in C:\lyh\springboot_intellij\pjt\calendar)
2026-09-15 12:34:49 INFO  [office.calendar.CalendarApplication] - No active profile set, falling back to 1 default profile: "default"
2026-09-15 12:34:49 INFO  [office.calendar.CalendarApplication] - Started CalendarApplication in 0.569 seconds (process running for 86.758)
2026-09-16 11:11:46 INFO  [office.calendar.CalendarApplication] - Starting CalendarApplication using Java 17.0.20.1 with PID 10736 (C:\lyh\springboot_intellij\pjt\calendar\build\classes\java\main started by DW in C:\lyh\springboot_intellij\pjt\calendar)
2026-09-16 11:11:46 INFO  [office.calendar.CalendarApplication] - No active profile set, falling back to 1 default profile: "default"
2026-09-16 11:11:52 INFO  [office.calendar.CalendarApplication] - Started CalendarApplication in 6.455 seconds (process running for 7.588)
2026-09-16 11:12:01 INFO  [office.calendar.HomeController] - INFO:: home()
2026-09-16 11:25:53 INFO  [office.calendar.CalendarApplication] - Starting CalendarApplication using Java 17.0.20.1 with PID 10736 (C:\lyh\springboot_intellij\pjt\calendar\build\classes\java\main started by DW in C:\lyh\springboot_intellij\pjt\calendar)
2026-09-16 11:25:53 INFO  [office.calendar.CalendarApplication] - No active profile set, falling back to 1 default profile: "default"
2026-09-16 11:25:54 INFO  [office.calendar.CalendarApplication] - Started CalendarApplication in 0.846 seconds (process running for 849.785)
2026-09-16 11:28:17 INFO  [calendar.member.MemberService] - MEMBER LOGIN SUCCESS
2026-09-16 11:34:38 INFO  [office.calendar.CalendarApplication] - Starting CalendarApplication using Java 17.0.20.1 with PID 14688 (C:\lyh\springboot_intellij\pjt\calendar\build\classes\java\main started by DW in C:\lyh\springboot_intellij\pjt\calendar)
2026-09-16 11:34:38 INFO  [office.calendar.CalendarApplication] - No active profile set, falling back to 1 default profile: "default"
2026-09-16 11:34:43 INFO  [office.calendar.CalendarApplication] - Started CalendarApplication in 5.54 seconds (process running for 6.446)
2026-09-16 11:34:49 INFO  [office.calendar.CalendarApplication] - Starting CalendarApplication using Java 17.0.20.1 with PID 14688 (C:\lyh\springboot_intellij\pjt\calendar\build\classes\java\main started by DW in C:\lyh\springboot_intellij\pjt\calendar)
2026-09-16 11:34:49 INFO  [office.calendar.CalendarApplication] - No active profile set, falling back to 1 default profile: "default"
2026-09-16 11:34:50 INFO  [office.calendar.CalendarApplication] - Started CalendarApplication in 0.895 seconds (process running for 13.992)
2026-09-16 11:42:59 INFO  [office.calendar.CalendarApplication] - Starting CalendarApplication using Java 17.0.20.1 with PID 14688 (C:\lyh\springboot_intellij\pjt\calendar\build\classes\java\main started by DW in C:\lyh\springboot_intellij\pjt\calendar)
2026-09-16 11:42:59 INFO  [office.calendar.CalendarApplication] - No active profile set, falling back to 1 default profile: "default"
2026-09-16 11:43:00 INFO  [office.calendar.CalendarApplication] - Started CalendarApplication in 0.779 seconds (process running for 503.661)
2026-09-16 11:45:48 INFO  [office.calendar.CalendarApplication] - Starting CalendarApplication using Java 17.0.20.1 with PID 14688 (C:\lyh\springboot_intellij\pjt\calendar\build\classes\java\main started by DW in C:\lyh\springboot_intellij\pjt\calendar)
2026-09-16 11:45:48 INFO  [office.calendar.CalendarApplication] - No active profile set, falling back to 1 default profile: "default"
2026-09-16 11:45:49 INFO  [office.calendar.CalendarApplication] - Started CalendarApplication in 0.882 seconds (process running for 672.709)
2026-09-16 11:45:51 INFO  [office.calendar.CalendarApplication] - Starting CalendarApplication using Java 17.0.20.1 with PID 14688 (C:\lyh\springboot_intellij\pjt\calendar\build\classes\java\main started by DW in C:\lyh\springboot_intellij\pjt\calendar)
2026-09-16 11:45:51 INFO  [office.calendar.CalendarApplication] - No active profile set, falling back to 1 default profile: "default"
2026-09-16 11:45:52 INFO  [office.calendar.CalendarApplication] - Started CalendarApplication in 1.075 seconds (process running for 675.437)
2026-09-16 11:53:03 INFO  [office.calendar.CalendarApplication] - Starting CalendarApplication using Java 17.0.20.1 with PID 14688 (C:\lyh\springboot_intellij\pjt\calendar\build\classes\java\main started by DW in C:\lyh\springboot_intellij\pjt\calendar)
2026-09-16 11:53:03 INFO  [office.calendar.CalendarApplication] - No active profile set, falling back to 1 default profile: "default"
2026-09-16 11:53:04 INFO  [office.calendar.CalendarApplication] - Started CalendarApplication in 0.742 seconds (process running for 1107.457)
2026-09-16 11:53:06 INFO  [office.calendar.CalendarApplication] - Starting CalendarApplication using Java 17.0.20.1 with PID 14688 (C:\lyh\springboot_intellij\pjt\calendar\build\classes\java\main started by DW in C:\lyh\springboot_intellij\pjt\calendar)
2026-09-16 11:53:06 INFO  [office.calendar.CalendarApplication] - No active profile set, falling back to 1 default profile: "default"
2026-09-16 11:53:07 INFO  [office.calendar.CalendarApplication] - Started CalendarApplication in 1.229 seconds (process running for 1110.427)
2026-09-16 12:23:29 INFO  [office.calendar.CalendarApplication] - Starting CalendarApplication using Java 17.0.20.1 with PID 14688 (C:\lyh\springboot_intellij\pjt\calendar\build\classes\java\main started by DW in C:\lyh\springboot_intellij\pjt\calendar)
2026-09-16 12:23:29 INFO  [office.calendar.CalendarApplication] - No active profile set, falling back to 1 default profile: "default"
2026-09-16 12:23:31 INFO  [office.calendar.CalendarApplication] - Starting CalendarApplication using Java 17.0.20.1 with PID 14688 (C:\lyh\springboot_intellij\pjt\calendar\build\classes\java\main started by DW in C:\lyh\springboot_intellij\pjt\calendar)
2026-09-16 12:23:31 INFO  [office.calendar.CalendarApplication] - No active profile set, falling back to 1 default profile: "default"
2026-09-16 12:23:32 INFO  [office.calendar.CalendarApplication] - Started CalendarApplication in 0.823 seconds (process running for 2935.648)
2026-09-16 12:26:07 INFO  [office.calendar.CalendarApplication] - Starting CalendarApplication using Java 17.0.20.1 with PID 14688 (C:\lyh\springboot_intellij\pjt\calendar\build\classes\java\main started by DW in C:\lyh\springboot_intellij\pjt\calendar)
2026-09-16 12:26:07 INFO  [office.calendar.CalendarApplication] - No active profile set, falling back to 1 default profile: "default"
2026-09-16 12:26:08 INFO  [office.calendar.CalendarApplication] - Started CalendarApplication in 1.067 seconds (process running for 3092.127)
2026-09-16 12:29:53 INFO  [office.calendar.CalendarApplication] - Starting CalendarApplication using Java 17.0.20.1 with PID 11008 (C:\lyh\springboot_intellij\pjt\calendar\build\classes\java\main started by DW in C:\lyh\springboot_intellij\pjt\calendar)
2026-09-16 12:29:53 INFO  [office.calendar.CalendarApplication] - No active profile set, falling back to 1 default profile: "default"
2026-09-16 12:29:58 INFO  [office.calendar.CalendarApplication] - Started CalendarApplication in 6.117 seconds (process running for 7.099)
2026-09-16 12:30:06 INFO  [calendar.member.MemberService] - MEMBER LOGIN SUCCESS
2026-09-16 12:36:07 INFO  [office.calendar.CalendarApplication] - Starting CalendarApplication using Java 17.0.20.1 with PID 11008 (C:\lyh\springboot_intellij\pjt\calendar\build\classes\java\main started by DW in C:\lyh\springboot_intellij\pjt\calendar)
2026-09-16 12:36:07 INFO  [office.calendar.CalendarApplication] - No active profile set, falling back to 1 default profile: "default"
2026-09-16 12:36:08 INFO  [office.calendar.CalendarApplication] - Started CalendarApplication in 0.976 seconds (process running for 377.037)
2026-09-16 12:39:56 INFO  [office.calendar.CalendarApplication] - Starting CalendarApplication using Java 17.0.20.1 with PID 11008 (C:\lyh\springboot_intellij\pjt\calendar\build\classes\java\main started by DW in C:\lyh\springboot_intellij\pjt\calendar)
2026-09-16 12:39:56 INFO  [office.calendar.CalendarApplication] - No active profile set, falling back to 1 default profile: "default"
2026-09-16 12:39:57 INFO  [office.calendar.CalendarApplication] - Started CalendarApplication in 0.859 seconds (process running for 605.588)
2026-09-17 09:35:45 INFO  [office.calendar.CalendarApplication] - Starting CalendarApplication using Java 17.0.20.1 with PID 11308 (C:\lyh\springboot_intellij\pjt\calendar\build\classes\java\main started by DW in C:\lyh\springboot_intellij\pjt\calendar)
2026-09-17 09:35:45 INFO  [office.calendar.CalendarApplication] - No active profile set, falling back to 1 default profile: "default"
2026-09-17 09:35:52 INFO  [office.calendar.CalendarApplication] - Started CalendarApplication in 7.798 seconds (process running for 9.289)
2026-09-17 09:37:36 INFO  [office.calendar.HomeController] - INFO:: home()
2026-09-17 09:45:00 INFO  [office.calendar.CalendarApplication] - Starting CalendarApplication using Java 17.0.20.1 with PID 9420 (C:\lyh\springboot_intellij\pjt\calendar\build\classes\java\main started by DW in C:\lyh\springboot_intellij\pjt\calendar)
2026-09-17 09:45:00 INFO  [office.calendar.CalendarApplication] - No active profile set, falling back to 1 default profile: "default"
2026-09-17 09:45:06 INFO  [office.calendar.CalendarApplication] - Started CalendarApplication in 6.508 seconds (process running for 7.493)
2026-09-17 09:45:52 INFO  [calendar.member.MemberService] - MEMBER LOGIN SUCCESS
2026-09-17 11:42:49 INFO  [office.calendar.CalendarApplication] - Starting CalendarApplication using Java 17.0.20.1 with PID 7596 (C:\lyh\springboot_intellij\pjt\calendar\build\classes\java\main started by DW in C:\lyh\springboot_intellij\pjt\calendar)
2026-09-17 11:42:49 INFO  [office.calendar.CalendarApplication] - No active profile set, falling back to 1 default profile: "default"
2026-09-17 11:42:57 INFO  [office.calendar.CalendarApplication] - Started CalendarApplication in 8.133 seconds (process running for 9.835)
2026-09-17 11:43:07 INFO  [member.security.MemberDetailsService] - [MemberDetailsService] loadUserByUsername()
2026-09-17 11:43:08 INFO  [calendar.config.SecurityConfig] - SIGNIN FAIL HANDLER()
2026-09-17 11:44:36 INFO  [office.calendar.CalendarApplication] - Starting CalendarApplication using Java 17.0.20.1 with PID 13684 (C:\lyh\springboot_intellij\pjt\calendar\build\classes\java\main started by DW in C:\lyh\springboot_intellij\pjt\calendar)
2026-09-17 11:44:36 INFO  [office.calendar.CalendarApplication] - No active profile set, falling back to 1 default profile: "default"
2026-09-17 11:44:42 INFO  [office.calendar.CalendarApplication] - Started CalendarApplication in 6.14 seconds (process running for 7.07)
2026-09-17 11:44:48 INFO  [member.security.MemberDetailsService] - [MemberDetailsService] loadUserByUsername()
2026-09-17 11:44:48 INFO  [calendar.config.SecurityConfig] - SIGNIN FAIL HANDLER()
2026-09-17 11:44:54 INFO  [member.security.MemberDetailsService] - [MemberDetailsService] loadUserByUsername()
2026-09-17 11:44:54 INFO  [calendar.config.SecurityConfig] - SIGNIN FAIL HANDLER()
2026-09-17 11:47:45 INFO  [office.calendar.CalendarApplication] - Starting CalendarApplication using Java 17.0.20.1 with PID 13684 (C:\lyh\springboot_intellij\pjt\calendar\build\classes\java\main started by DW in C:\lyh\springboot_intellij\pjt\calendar)
2026-09-17 11:47:45 INFO  [office.calendar.CalendarApplication] - No active profile set, falling back to 1 default profile: "default"
2026-09-17 11:47:46 INFO  [office.calendar.CalendarApplication] - Started CalendarApplication in 1.715 seconds (process running for 191.724)
2026-09-17 11:50:48 INFO  [office.calendar.CalendarApplication] - Starting CalendarApplication using Java 17.0.20.1 with PID 13684 (C:\lyh\springboot_intellij\pjt\calendar\build\classes\java\main started by DW in C:\lyh\springboot_intellij\pjt\calendar)
2026-09-17 11:50:48 INFO  [office.calendar.CalendarApplication] - No active profile set, falling back to 1 default profile: "default"
2026-09-17 11:50:49 INFO  [office.calendar.CalendarApplication] - Started CalendarApplication in 1.259 seconds (process running for 374.365)
2026-09-17 11:57:40 INFO  [office.calendar.CalendarApplication] - Starting CalendarApplication using Java 17.0.20.1 with PID 4768 (C:\lyh\springboot_intellij\pjt\calendar\build\classes\java\main started by DW in C:\lyh\springboot_intellij\pjt\calendar)
2026-09-17 11:57:40 INFO  [office.calendar.CalendarApplication] - No active profile set, falling back to 1 default profile: "default"
2026-09-17 11:57:46 INFO  [office.calendar.CalendarApplication] - Started CalendarApplication in 5.608 seconds (process running for 6.618)
2026-09-17 11:57:52 INFO  [member.security.MemberDetailsService] - [MemberDetailsService] loadUserByUsername()
2026-09-17 11:57:53 INFO  [calendar.config.SecurityConfig] - SIGNIN SUCCESS HANDLER()
2026-09-17 11:57:53 INFO  [calendar.member.MemberController] - [MemberController] signinResult()
2026-09-17 11:59:18 INFO  [office.calendar.CalendarApplication] - Starting CalendarApplication using Java 17.0.20.1 with PID 4768 (C:\lyh\springboot_intellij\pjt\calendar\build\classes\java\main started by DW in C:\lyh\springboot_intellij\pjt\calendar)
2026-09-17 11:59:18 INFO  [office.calendar.CalendarApplication] - No active profile set, falling back to 1 default profile: "default"
2026-09-17 11:59:20 INFO  [office.calendar.CalendarApplication] - Started CalendarApplication in 1.449 seconds (process running for 100.579)
2026-09-17 11:59:20 INFO  [member.security.MemberDetailsService] - [MemberDetailsService] loadUserByUsername()
2026-09-17 11:59:20 INFO  [calendar.config.SecurityConfig] - SIGNIN SUCCESS HANDLER()
2026-09-17 11:59:20 INFO  [calendar.member.MemberController] - [MemberController] signinResult()
2026-09-17 11:59:21 INFO  [office.calendar.CalendarApplication] - Starting CalendarApplication using Java 17.0.20.1 with PID 4768 (C:\lyh\springboot_intellij\pjt\calendar\build\classes\java\main started by DW in C:\lyh\springboot_intellij\pjt\calendar)
2026-09-17 11:59:21 INFO  [office.calendar.CalendarApplication] - No active profile set, falling back to 1 default profile: "default"
2026-09-17 11:59:22 INFO  [office.calendar.CalendarApplication] - Started CalendarApplication in 0.91 seconds (process running for 103.417)
2026-09-17 12:16:53 INFO  [office.calendar.CalendarApplication] - Starting CalendarApplication using Java 17.0.20.1 with PID 4768 (C:\lyh\springboot_intellij\pjt\calendar\build\classes\java\main started by DW in C:\lyh\springboot_intellij\pjt\calendar)
2026-09-17 12:16:53 INFO  [office.calendar.CalendarApplication] - No active profile set, falling back to 1 default profile: "default"
2026-09-17 12:16:55 INFO  [office.calendar.CalendarApplication] - Starting CalendarApplication using Java 17.0.20.1 with PID 4768 (C:\lyh\springboot_intellij\pjt\calendar\build\classes\java\main started by DW in C:\lyh\springboot_intellij\pjt\calendar)
2026-09-17 12:16:55 INFO  [office.calendar.CalendarApplication] - No active profile set, falling back to 1 default profile: "default"
2026-09-17 12:16:56 INFO  [office.calendar.CalendarApplication] - Started CalendarApplication in 0.807 seconds (process running for 1157.281)
2026-09-17 12:23:18 INFO  [office.calendar.CalendarApplication] - Starting CalendarApplication using Java 17.0.20.1 with PID 5776 (C:\lyh\springboot_intellij\pjt\calendar\build\classes\java\main started by DW in C:\lyh\springboot_intellij\pjt\calendar)
2026-09-17 12:23:18 INFO  [office.calendar.CalendarApplication] - No active profile set, falling back to 1 default profile: "default"
2026-09-17 12:23:24 INFO  [office.calendar.CalendarApplication] - Started CalendarApplication in 6.139 seconds (process running for 7.723)
2026-09-17 12:23:33 INFO  [calendar.member.MemberController] - [MemberController] signinResult()
2026-09-17 12:23:36 INFO  [office.calendar.HomeController] - INFO:: home()
2026-09-17 12:23:41 INFO  [office.calendar.HomeController] - INFO:: home()
2026-09-17 12:23:44 INFO  [calendar.config.SecurityConfig] - SIGNOUT SUCCESS HANDLER()
2026-09-17 12:23:44 INFO  [office.calendar.HomeController] - INFO:: home()
2026-09-17 12:23:50 INFO  [member.security.MemberDetailsService] - [MemberDetailsService] loadUserByUsername()
2026-09-17 12:23:51 INFO  [calendar.config.SecurityConfig] - SIGNIN SUCCESS HANDLER()
2026-09-17 12:23:51 INFO  [calendar.member.MemberController] - [MemberController] signinResult()
2026-09-17 12:25:30 INFO  [office.calendar.CalendarApplication] - Starting CalendarApplication using Java 17.0.20.1 with PID 5776 (C:\lyh\springboot_intellij\pjt\calendar\build\classes\java\main started by DW in C:\lyh\springboot_intellij\pjt\calendar)
2026-09-17 12:25:30 INFO  [office.calendar.CalendarApplication] - No active profile set, falling back to 1 default profile: "default"
2026-09-17 12:25:31 INFO  [office.calendar.CalendarApplication] - Started CalendarApplication in 0.937 seconds (process running for 135.186)
2026-09-17 12:26:17 INFO  [office.calendar.CalendarApplication] - Starting CalendarApplication using Java 17.0.20.1 with PID 16184 (C:\lyh\springboot_intellij\pjt\calendar\build\classes\java\main started by DW in C:\lyh\springboot_intellij\pjt\calendar)
2026-09-17 12:26:17 INFO  [office.calendar.CalendarApplication] - No active profile set, falling back to 1 default profile: "default"
2026-09-17 12:26:23 INFO  [office.calendar.CalendarApplication] - Started CalendarApplication in 6.159 seconds (process running for 7.848)
2026-09-17 12:26:26 INFO  [calendar.config.SecurityConfig] - SIGNOUT SUCCESS HANDLER()
2026-09-17 12:26:26 INFO  [office.calendar.HomeController] - INFO:: home()
2026-09-17 12:27:12 INFO  [member.security.MemberDetailsService] - [MemberDetailsService] loadUserByUsername()
2026-09-17 12:27:12 INFO  [calendar.config.SecurityConfig] - SIGNIN SUCCESS HANDLER()
2026-09-17 12:27:12 INFO  [calendar.member.MemberController] - [MemberController] signinResult()
2026-09-17 12:28:06 INFO  [calendar.config.SecurityConfig] - SIGNOUT SUCCESS HANDLER()
2026-09-17 12:28:06 INFO  [office.calendar.HomeController] - INFO:: home()
2026-09-17 12:28:13 INFO  [member.security.MemberDetailsService] - [MemberDetailsService] loadUserByUsername()
2026-09-17 12:28:13 INFO  [calendar.config.SecurityConfig] - SIGNIN SUCCESS HANDLER()
2026-09-17 12:28:13 INFO  [calendar.member.MemberController] - [MemberController] signinResult()
2026-09-17 12:28:18 INFO  [office.calendar.HomeController] - INFO:: home()
2026-09-17 12:28:25 INFO  [member.security.MemberDetailsService] - [MemberDetailsService] loadUserByUsername()
2026-09-17 12:28:25 INFO  [calendar.config.SecurityConfig] - SIGNIN SUCCESS HANDLER()
2026-09-17 12:28:25 INFO  [calendar.member.MemberController] - [MemberController] signinResult()
2026-09-17 12:30:03 INFO  [office.calendar.CalendarApplication] - Starting CalendarApplication using Java 17.0.20.1 with PID 16184 (C:\lyh\springboot_intellij\pjt\calendar\build\classes\java\main started by DW in C:\lyh\springboot_intellij\pjt\calendar)
2026-09-17 12:30:03 INFO  [office.calendar.CalendarApplication] - No active profile set, falling back to 1 default profile: "default"
2026-09-17 12:30:04 INFO  [office.calendar.CalendarApplication] - Started CalendarApplication in 0.979 seconds (process running for 229.366)
2026-09-17 12:30:07 INFO  [member.security.MemberDetailsService] - [MemberDetailsService] loadUserByUsername()
2026-09-17 12:30:07 INFO  [calendar.config.SecurityConfig] - SIGNIN SUCCESS HANDLER()
2026-09-17 12:30:07 INFO  [calendar.member.MemberController] - [MemberController] signinResult()
2026-09-17 12:30:17 INFO  [office.calendar.CalendarApplication] - Starting CalendarApplication using Java 17.0.20.1 with PID 16184 (C:\lyh\springboot_intellij\pjt\calendar\build\classes\java\main started by DW in C:\lyh\springboot_intellij\pjt\calendar)
2026-09-17 12:30:17 INFO  [office.calendar.CalendarApplication] - No active profile set, falling back to 1 default profile: "default"
2026-09-17 12:30:18 INFO  [office.calendar.CalendarApplication] - Started CalendarApplication in 0.937 seconds (process running for 243.363)
2026-09-17 12:30:18 INFO  [calendar.config.SecurityConfig] - SIGNOUT SUCCESS HANDLER()
2026-09-17 12:30:18 INFO  [office.calendar.HomeController] - INFO:: home()
2026-09-17 12:30:23 INFO  [member.security.MemberDetailsService] - [MemberDetailsService] loadUserByUsername()
2026-09-17 12:30:23 INFO  [calendar.config.SecurityConfig] - SIGNIN SUCCESS HANDLER()
2026-09-17 12:30:23 INFO  [calendar.member.MemberController] - [MemberController] signinResult()
2026-09-17 12:30:32 INFO  [calendar.config.SecurityConfig] - SIGNOUT SUCCESS HANDLER()
2026-09-17 12:30:32 INFO  [office.calendar.HomeController] - INFO:: home()
2026-09-17 12:30:38 INFO  [member.security.MemberDetailsService] - [MemberDetailsService] loadUserByUsername()
2026-09-17 12:30:38 INFO  [calendar.config.SecurityConfig] - SIGNIN SUCCESS HANDLER()
2026-09-17 12:30:38 INFO  [calendar.member.MemberController] - [MemberController] signinResult()
2026-09-21 12:38:07 INFO  [office.calendar.CalendarApplication] - Starting CalendarApplication using Java 17.0.20.1 with PID 19720 (C:\lyh\springboot_intellij\pjt\calendar\build\classes\java\main started by DW in C:\lyh\springboot_intellij\pjt\calendar)
2026-09-21 12:38:07 INFO  [office.calendar.CalendarApplication] - No active profile set, falling back to 1 default profile: "default"
2026-09-21 12:38:12 INFO  [office.calendar.CalendarApplication] - Started CalendarApplication in 6.065 seconds (process running for 6.986)
2026-09-21 12:38:13 INFO  [office.calendar.HomeController] - INFO:: home()
2026-09-21 12:38:20 INFO  [member.security.MemberDetailsService] - [MemberDetailsService] loadUserByUsername()
2026-09-21 12:38:20 INFO  [calendar.config.SecurityConfig] - SIGNIN SUCCESS HANDLER()
2026-09-21 12:38:20 INFO  [calendar.member.MemberController] - [MemberController] signinResult()
2026-09-21 12:38:23 INFO  [calendar.planner.PlannerController] - home()
2026-09-21 12:38:24 INFO  [calendar.planner.PlannerController] - home()
2026-09-21 12:38:29 INFO  [calendar.planner.PlannerController] - home()
2026-09-21 12:38:30 INFO  [calendar.config.SecurityConfig] - SIGNOUT SUCCESS HANDLER()
2026-09-21 12:38:30 INFO  [office.calendar.HomeController] - INFO:: home()
2026-09-21 12:38:36 INFO  [member.security.MemberDetailsService] - [MemberDetailsService] loadUserByUsername()
2026-09-21 12:38:36 INFO  [calendar.config.SecurityConfig] - SIGNIN SUCCESS HANDLER()
2026-09-21 12:38:36 INFO  [calendar.member.MemberController] - [MemberController] signinResult()
2026-09-21 12:38:44 INFO  [calendar.config.SecurityConfig] - SIGNOUT SUCCESS HANDLER()
2026-09-21 12:38:44 INFO  [office.calendar.HomeController] - INFO:: home()
2026-09-21 12:38:51 INFO  [member.security.MemberDetailsService] - [MemberDetailsService] loadUserByUsername()
2026-09-21 12:38:51 INFO  [calendar.config.SecurityConfig] - SIGNIN SUCCESS HANDLER()
2026-09-21 12:38:51 INFO  [calendar.member.MemberController] - [MemberController] signinResult()
2026-09-21 12:38:55 INFO  [calendar.config.SecurityConfig] - SIGNOUT SUCCESS HANDLER()
2026-09-21 12:38:55 INFO  [office.calendar.HomeController] - INFO:: home()
2026-09-21 12:39:01 INFO  [member.security.MemberDetailsService] - [MemberDetailsService] loadUserByUsername()
2026-09-21 12:39:01 INFO  [calendar.config.SecurityConfig] - SIGNIN FAIL HANDLER()
2026-09-21 12:39:06 INFO  [member.security.MemberDetailsService] - [MemberDetailsService] loadUserByUsername()
2026-09-21 12:39:06 INFO  [calendar.config.SecurityConfig] - SIGNIN SUCCESS HANDLER()
2026-09-21 12:39:06 INFO  [calendar.member.MemberController] - [MemberController] signinResult()
2026-09-21 12:39:07 INFO  [calendar.planner.PlannerController] - home()
2026-09-21 12:39:09 INFO  [calendar.planner.PlannerController] - home()
2026-09-22 09:05:06 INFO  [office.calendar.CalendarApplication] - Starting CalendarApplication using Java 17.0.20.1 with PID 15708 (C:\lyh\springboot_intellij\pjt\calendar\build\classes\java\main started by DW in C:\lyh\springboot_intellij\pjt\calendar)
2026-09-22 09:05:06 INFO  [office.calendar.CalendarApplication] - No active profile set, falling back to 1 default profile: "default"
2026-09-22 09:05:13 INFO  [office.calendar.CalendarApplication] - Started CalendarApplication in 8.116 seconds (process running for 9.126)
2026-09-22 09:05:14 INFO  [office.calendar.HomeController] - INFO:: home()
2026-09-22 09:05:22 INFO  [member.security.MemberDetailsService] - [MemberDetailsService] loadUserByUsername()
2026-09-22 09:05:22 INFO  [calendar.config.SecurityConfig] - SIGNIN SUCCESS HANDLER()
2026-09-22 09:05:22 INFO  [calendar.member.MemberController] - [MemberController] signinResult()
2026-09-22 09:05:24 INFO  [calendar.planner.PlannerController] - home()
2026-09-22 09:05:25 INFO  [calendar.planner.PlannerController] - home()
2026-09-22 09:05:26 INFO  [calendar.planner.PlannerController] - home()
2026-09-22 09:06:41 INFO  [calendar.config.SecurityConfig] - signout success handler
2026-09-22 09:06:41 INFO  [office.calendar.HomeController] - INFO:: home()
2026-09-22 09:06:47 INFO  [member.security.MemberDetailsService] - [MemberDetailsService] loadUserByUsername()
2026-09-22 09:06:48 INFO  [calendar.config.SecurityConfig] - SIGNIN SUCCESS HANDLER()
2026-09-22 09:06:48 INFO  [calendar.member.MemberController] - [MemberController] signinResult()
2026-09-22 09:06:52 INFO  [calendar.config.SecurityConfig] - signout success handler
2026-09-22 09:06:52 INFO  [office.calendar.HomeController] - INFO:: home()
2026-09-22 09:21:52 INFO  [office.calendar.CalendarApplication] - Starting CalendarApplication using Java 17.0.20.1 with PID 5872 (C:\lyh\springboot_intellij\pjt\calendar\build\classes\java\main started by DW in C:\lyh\springboot_intellij\pjt\calendar)
2026-09-22 09:21:52 INFO  [office.calendar.CalendarApplication] - No active profile set, falling back to 1 default profile: "default"
2026-09-22 09:21:58 INFO  [office.calendar.CalendarApplication] - Started CalendarApplication in 6.996 seconds (process running for 7.907)
2026-09-22 09:22:08 INFO  [member.security.MemberDetailsService] - [MemberDetailsService] loadUserByUsername()
2026-09-22 09:22:08 INFO  [calendar.config.SecurityConfig] - SIGNIN SUCCESS HANDLER()
2026-09-22 09:22:08 INFO  [calendar.member.MemberController] - [MemberController] signinResult()
2026-09-22 09:22:10 INFO  [calendar.member.MemberController] - accessDenied()
2026-09-22 09:24:35 INFO  [calendar.config.SecurityConfig] - signout success handler
2026-09-22 09:24:35 INFO  [office.calendar.HomeController] - INFO:: home()
2026-09-22 09:24:39 INFO  [member.security.MemberDetailsService] - [MemberDetailsService] loadUserByUsername()
2026-09-22 09:24:39 INFO  [calendar.config.SecurityConfig] - SIGNIN SUCCESS HANDLER()
2026-09-22 09:24:39 INFO  [calendar.member.MemberController] - [MemberController] signinResult()
2026-09-22 09:24:40 INFO  [calendar.planner.PlannerController] - home()
2026-09-22 09:24:41 INFO  [calendar.config.SecurityConfig] - signout success handler
2026-09-22 09:24:41 INFO  [office.calendar.HomeController] - INFO:: home()
2026-09-22 09:24:45 INFO  [member.security.MemberDetailsService] - [MemberDetailsService] loadUserByUsername()
2026-09-22 09:24:45 INFO  [calendar.config.SecurityConfig] - SIGNIN SUCCESS HANDLER()
2026-09-22 09:24:45 INFO  [calendar.member.MemberController] - [MemberController] signinResult()
2026-09-22 09:24:48 INFO  [calendar.member.MemberController] - accessDenied()
2026-09-22 10:02:22 INFO  [office.calendar.CalendarApplication] - Starting CalendarApplication using Java 17.0.20.1 with PID 10124 (C:\lyh\springboot_intellij\pjt\calendar\build\classes\java\main started by DW in C:\lyh\springboot_intellij\pjt\calendar)
2026-09-22 10:02:22 INFO  [office.calendar.CalendarApplication] - No active profile set, falling back to 1 default profile: "default"
2026-09-22 10:02:27 INFO  [office.calendar.CalendarApplication] - Started CalendarApplication in 5.888 seconds (process running for 6.753)
2026-09-22 10:02:36 INFO  [member.security.MemberDetailsService] - [MemberDetailsService] loadUserByUsername()
2026-09-22 10:02:36 INFO  [calendar.config.SecurityConfig] - SIGNIN SUCCESS HANDLER()
2026-09-22 10:02:36 INFO  [calendar.member.MemberController] - [MemberController] signinResult()
2026-09-22 10:02:37 INFO  [calendar.planner.PlannerController] - home()
2026-09-22 10:05:15 INFO  [calendar.planner.PlannerController] - home()
2026-09-22 10:05:16 INFO  [office.calendar.CalendarApplication] - Starting CalendarApplication using Java 17.0.20.1 with PID 10124 (C:\lyh\springboot_intellij\pjt\calendar\build\classes\java\main started by DW in C:\lyh\springboot_intellij\pjt\calendar)
2026-09-22 10:05:16 INFO  [office.calendar.CalendarApplication] - No active profile set, falling back to 1 default profile: "default"
2026-09-22 10:05:17 INFO  [office.calendar.CalendarApplication] - Started CalendarApplication in 0.994 seconds (process running for 176.175)
2026-09-22 10:06:34 INFO  [calendar.planner.PlannerController] - home()
2026-09-22 10:06:35 INFO  [office.calendar.CalendarApplication] - Starting CalendarApplication using Java 17.0.20.1 with PID 10124 (C:\lyh\springboot_intellij\pjt\calendar\build\classes\java\main started by DW in C:\lyh\springboot_intellij\pjt\calendar)
2026-09-22 10:06:35 INFO  [office.calendar.CalendarApplication] - No active profile set, falling back to 1 default profile: "default"
2026-09-22 10:06:36 INFO  [office.calendar.CalendarApplication] - Started CalendarApplication in 0.884 seconds (process running for 255.466)
2026-09-22 10:06:36 INFO  [calendar.planner.PlannerController] - home()
2026-09-22 10:06:37 INFO  [calendar.planner.PlannerController] - home()
2026-09-22 10:08:28 INFO  [office.calendar.CalendarApplication] - Starting CalendarApplication using Java 17.0.20.1 with PID 10124 (C:\lyh\springboot_intellij\pjt\calendar\build\classes\java\main started by DW in C:\lyh\springboot_intellij\pjt\calendar)
2026-09-22 10:08:28 INFO  [office.calendar.CalendarApplication] - No active profile set, falling back to 1 default profile: "default"
2026-09-22 10:08:29 INFO  [office.calendar.CalendarApplication] - Started CalendarApplication in 0.892 seconds (process running for 367.968)
2026-09-22 10:08:29 INFO  [calendar.planner.PlannerController] - home()
2026-09-22 10:11:58 INFO  [calendar.planner.PlannerController] - home()
2026-09-22 10:11:59 INFO  [office.calendar.CalendarApplication] - Starting CalendarApplication using Java 17.0.20.1 with PID 10124 (C:\lyh\springboot_intellij\pjt\calendar\build\classes\java\main started by DW in C:\lyh\springboot_intellij\pjt\calendar)
2026-09-22 10:11:59 INFO  [office.calendar.CalendarApplication] - No active profile set, falling back to 1 default profile: "default"
2026-09-22 10:12:00 INFO  [office.calendar.CalendarApplication] - Started CalendarApplication in 0.918 seconds (process running for 579.68)
2026-09-22 10:16:58 INFO  [office.calendar.CalendarApplication] - Starting CalendarApplication using Java 17.0.20.1 with PID 10124 (C:\lyh\springboot_intellij\pjt\calendar\build\classes\java\main started by DW in C:\lyh\springboot_intellij\pjt\calendar)
2026-09-22 10:16:58 INFO  [office.calendar.CalendarApplication] - No active profile set, falling back to 1 default profile: "default"
2026-09-22 10:16:59 INFO  [office.calendar.CalendarApplication] - Started CalendarApplication in 0.917 seconds (process running for 878.24)
2026-09-22 10:21:31 INFO  [calendar.planner.PlannerController] - home()
2026-09-22 10:21:33 INFO  [office.calendar.CalendarApplication] - Starting CalendarApplication using Java 17.0.20.1 with PID 10124 (C:\lyh\springboot_intellij\pjt\calendar\build\classes\java\main started by DW in C:\lyh\springboot_intellij\pjt\calendar)
2026-09-22 10:21:33 INFO  [office.calendar.CalendarApplication] - No active profile set, falling back to 1 default profile: "default"
2026-09-22 10:21:34 INFO  [office.calendar.CalendarApplication] - Started CalendarApplication in 0.834 seconds (process running for 1153.153)
2026-09-22 10:21:36 INFO  [calendar.planner.PlannerController] - home()
2026-09-22 10:21:37 INFO  [calendar.planner.PlannerController] - home()
2026-09-22 10:21:38 INFO  [calendar.planner.PlannerController] - home()
2026-09-22 10:21:38 INFO  [calendar.planner.PlannerController] - home()
2026-09-22 10:21:49 INFO  [calendar.planner.PlannerController] - home()
2026-09-22 10:21:50 INFO  [calendar.planner.PlannerController] - home()
2026-09-22 10:21:50 INFO  [office.calendar.CalendarApplication] - Starting CalendarApplication using Java 17.0.20.1 with PID 10124 (C:\lyh\springboot_intellij\pjt\calendar\build\classes\java\main started by DW in C:\lyh\springboot_intellij\pjt\calendar)
2026-09-22 10:21:50 INFO  [office.calendar.CalendarApplication] - No active profile set, falling back to 1 default profile: "default"
2026-09-22 10:21:51 INFO  [office.calendar.CalendarApplication] - Started CalendarApplication in 0.828 seconds (process running for 1170.266)
2026-09-22 10:21:51 INFO  [calendar.planner.PlannerController] - home()
2026-09-22 10:21:52 INFO  [calendar.planner.PlannerController] - home()
2026-09-22 10:21:53 INFO  [calendar.planner.PlannerController] - home()
2026-09-22 10:21:53 INFO  [calendar.planner.PlannerController] - home()
2026-09-22 10:44:41 INFO  [office.calendar.CalendarApplication] - Starting CalendarApplication using Java 17.0.20.1 with PID 10124 (C:\lyh\springboot_intellij\pjt\calendar\build\classes\java\main started by DW in C:\lyh\springboot_intellij\pjt\calendar)
2026-09-22 10:44:41 INFO  [office.calendar.CalendarApplication] - No active profile set, falling back to 1 default profile: "default"
2026-09-22 10:44:41 INFO  [office.calendar.CalendarApplication] - Started CalendarApplication in 0.923 seconds (process running for 2540.83)
2026-09-22 10:57:11 INFO  [office.calendar.CalendarApplication] - Starting CalendarApplication using Java 17.0.20.1 with PID 10124 (C:\lyh\springboot_intellij\pjt\calendar\build\classes\java\main started by DW in C:\lyh\springboot_intellij\pjt\calendar)
2026-09-22 10:57:11 INFO  [office.calendar.CalendarApplication] - No active profile set, falling back to 1 default profile: "default"
2026-09-22 10:57:12 INFO  [office.calendar.CalendarApplication] - Started CalendarApplication in 0.971 seconds (process running for 3291.265)
2026-09-22 10:57:17 INFO  [office.calendar.CalendarApplication] - Starting CalendarApplication using Java 17.0.20.1 with PID 10124 (C:\lyh\springboot_intellij\pjt\calendar\build\classes\java\main started by DW in C:\lyh\springboot_intellij\pjt\calendar)
2026-09-22 10:57:17 INFO  [office.calendar.CalendarApplication] - No active profile set, falling back to 1 default profile: "default"
2026-09-22 10:57:18 INFO  [office.calendar.CalendarApplication] - Started CalendarApplication in 0.934 seconds (process running for 3296.959)
2026-09-22 10:57:45 INFO  [office.calendar.CalendarApplication] - Starting CalendarApplication using Java 17.0.20.1 with PID 10124 (C:\lyh\springboot_intellij\pjt\calendar\build\classes\java\main started by DW in C:\lyh\springboot_intellij\pjt\calendar)
2026-09-22 10:57:45 INFO  [office.calendar.CalendarApplication] - No active profile set, falling back to 1 default profile: "default"
2026-09-22 10:57:46 INFO  [office.calendar.CalendarApplication] - Started CalendarApplication in 0.815 seconds (process running for 3325.379)
2026-09-22 10:57:48 INFO  [member.security.MemberDetailsService] - [MemberDetailsService] loadUserByUsername()
2026-09-22 10:57:49 INFO  [calendar.config.SecurityConfig] - SIGNIN SUCCESS HANDLER()
2026-09-22 10:57:49 INFO  [calendar.member.MemberController] - [MemberController] signinResult()
2026-09-22 10:57:50 INFO  [calendar.planner.PlannerController] - home()
2026-09-22 11:03:46 INFO  [calendar.planner.PlannerController] - home()
2026-09-22 11:05:29 INFO  [calendar.planner.PlannerController] - home()
2026-09-22 11:05:30 INFO  [office.calendar.CalendarApplication] - Starting CalendarApplication using Java 17.0.20.1 with PID 10124 (C:\lyh\springboot_intellij\pjt\calendar\build\classes\java\main started by DW in C:\lyh\springboot_intellij\pjt\calendar)
2026-09-22 11:05:30 INFO  [office.calendar.CalendarApplication] - No active profile set, falling back to 1 default profile: "default"
2026-09-22 11:05:31 INFO  [office.calendar.CalendarApplication] - Started CalendarApplication in 0.868 seconds (process running for 3790.611)
2026-09-22 11:08:02 INFO  [calendar.planner.PlannerController] - home()
2026-09-22 11:09:06 INFO  [office.calendar.CalendarApplication] - Starting CalendarApplication using Java 17.0.20.1 with PID 10124 (C:\lyh\springboot_intellij\pjt\calendar\build\classes\java\main started by DW in C:\lyh\springboot_intellij\pjt\calendar)
2026-09-22 11:09:06 INFO  [office.calendar.CalendarApplication] - No active profile set, falling back to 1 default profile: "default"
2026-09-22 11:09:07 INFO  [office.calendar.CalendarApplication] - Started CalendarApplication in 0.884 seconds (process running for 4006.288)
2026-09-22 11:09:07 INFO  [calendar.planner.PlannerController] - home()
2026-09-22 11:14:29 INFO  [calendar.planner.PlannerController] - home()
2026-09-22 11:14:30 INFO  [office.calendar.CalendarApplication] - Starting CalendarApplication using Java 17.0.20.1 with PID 10124 (C:\lyh\springboot_intellij\pjt\calendar\build\classes\java\main started by DW in C:\lyh\springboot_intellij\pjt\calendar)
2026-09-22 11:14:30 INFO  [office.calendar.CalendarApplication] - No active profile set, falling back to 1 default profile: "default"
2026-09-22 11:14:31 INFO  [office.calendar.CalendarApplication] - Started CalendarApplication in 0.799 seconds (process running for 4330.66)
2026-09-22 11:15:45 INFO  [calendar.planner.PlannerController] - home()
2026-09-22 11:15:47 INFO  [office.calendar.CalendarApplication] - Starting CalendarApplication using Java 17.0.20.1 with PID 10124 (C:\lyh\springboot_intellij\pjt\calendar\build\classes\java\main started by DW in C:\lyh\springboot_intellij\pjt\calendar)
2026-09-22 11:15:47 INFO  [office.calendar.CalendarApplication] - No active profile set, falling back to 1 default profile: "default"
2026-09-22 11:15:48 INFO  [office.calendar.CalendarApplication] - Started CalendarApplication in 0.81 seconds (process running for 4407.303)
2026-09-22 11:23:36 INFO  [calendar.planner.PlannerController] - home()
2026-09-22 11:23:37 INFO  [office.calendar.CalendarApplication] - Starting CalendarApplication using Java 17.0.20.1 with PID 10124 (C:\lyh\springboot_intellij\pjt\calendar\build\classes\java\main started by DW in C:\lyh\springboot_intellij\pjt\calendar)
2026-09-22 11:23:37 INFO  [office.calendar.CalendarApplication] - No active profile set, falling back to 1 default profile: "default"
2026-09-22 11:23:37 INFO  [office.calendar.CalendarApplication] - Started CalendarApplication in 0.79 seconds (process running for 4876.895)
2026-09-22 11:23:57 INFO  [calendar.planner.PlannerController] - home()
2026-09-22 11:25:45 INFO  [calendar.planner.PlannerController] - home()
2026-09-22 11:25:46 INFO  [office.calendar.CalendarApplication] - Starting CalendarApplication using Java 17.0.20.1 with PID 10124 (C:\lyh\springboot_intellij\pjt\calendar\build\classes\java\main started by DW in C:\lyh\springboot_intellij\pjt\calendar)
2026-09-22 11:25:46 INFO  [office.calendar.CalendarApplication] - No active profile set, falling back to 1 default profile: "default"
2026-09-22 11:25:47 INFO  [office.calendar.CalendarApplication] - Started CalendarApplication in 0.902 seconds (process running for 5006.401)
2026-09-22 11:26:03 INFO  [calendar.planner.PlannerController] - home()
2026-09-22 11:26:04 INFO  [office.calendar.CalendarApplication] - Starting CalendarApplication using Java 17.0.20.1 with PID 10124 (C:\lyh\springboot_intellij\pjt\calendar\build\classes\java\main started by DW in C:\lyh\springboot_intellij\pjt\calendar)
2026-09-22 11:26:04 INFO  [office.calendar.CalendarApplication] - No active profile set, falling back to 1 default profile: "default"
2026-09-22 11:26:05 INFO  [office.calendar.CalendarApplication] - Started CalendarApplication in 0.861 seconds (process running for 5024.401)
2026-09-22 11:26:10 INFO  [calendar.planner.PlannerController] - home()
2026-09-22 11:28:06 INFO  [calendar.planner.PlannerController] - home()
2026-09-22 11:28:08 INFO  [office.calendar.CalendarApplication] - Starting CalendarApplication using Java 17.0.20.1 with PID 10124 (C:\lyh\springboot_intellij\pjt\calendar\build\classes\java\main started by DW in C:\lyh\springboot_intellij\pjt\calendar)
2026-09-22 11:28:08 INFO  [office.calendar.CalendarApplication] - No active profile set, falling back to 1 default profile: "default"
2026-09-22 11:28:09 INFO  [office.calendar.CalendarApplication] - Started CalendarApplication in 1.034 seconds (process running for 5148.833)
2026-09-22 11:28:13 INFO  [calendar.planner.PlannerController] - home()
2026-09-22 11:28:44 INFO  [office.calendar.CalendarApplication] - Starting CalendarApplication using Java 17.0.20.1 with PID 6456 (C:\lyh\springboot_intellij\pjt\calendar\build\classes\java\main started by DW in C:\lyh\springboot_intellij\pjt\calendar)
2026-09-22 11:28:44 INFO  [office.calendar.CalendarApplication] - No active profile set, falling back to 1 default profile: "default"
2026-09-22 11:28:50 INFO  [office.calendar.CalendarApplication] - Started CalendarApplication in 6.635 seconds (process running for 7.99)
2026-09-22 11:28:54 INFO  [calendar.planner.PlannerController] - home()
2026-09-22 11:28:58 INFO  [calendar.planner.PlannerController] - home()
2026-09-22 11:28:59 INFO  [calendar.planner.PlannerController] - home()
2026-09-22 11:28:59 INFO  [calendar.planner.PlannerController] - home()
2026-09-22 11:28:59 INFO  [calendar.planner.PlannerController] - home()
2026-09-22 11:29:00 INFO  [calendar.config.SecurityConfig] - signout success handler
2026-09-22 11:29:00 INFO  [office.calendar.HomeController] - INFO:: home()
2026-09-22 11:29:05 INFO  [office.calendar.HomeController] - INFO:: home()
2026-09-22 11:29:12 INFO  [member.security.MemberDetailsService] - [MemberDetailsService] loadUserByUsername()
2026-09-22 11:29:12 INFO  [calendar.config.SecurityConfig] - SIGNIN SUCCESS HANDLER()
2026-09-22 11:29:12 INFO  [calendar.member.MemberController] - [MemberController] signinResult()
2026-09-22 11:29:13 INFO  [calendar.planner.PlannerController] - home()
2026-09-22 11:29:22 INFO  [calendar.planner.PlannerController] - home()
2026-09-22 11:29:25 INFO  [calendar.planner.PlannerController] - home()
2026-09-22 11:30:58 INFO  [calendar.planner.PlannerController] - home()
2026-09-22 11:31:01 INFO  [calendar.planner.PlannerController] - home()
2026-09-22 11:33:54 INFO  [calendar.planner.PlannerController] - home()
2026-09-22 11:33:55 INFO  [office.calendar.CalendarApplication] - Starting CalendarApplication using Java 17.0.20.1 with PID 6456 (C:\lyh\springboot_intellij\pjt\calendar\build\classes\java\main started by DW in C:\lyh\springboot_intellij\pjt\calendar)
2026-09-22 11:33:55 INFO  [office.calendar.CalendarApplication] - No active profile set, falling back to 1 default profile: "default"
2026-09-22 11:33:56 INFO  [office.calendar.CalendarApplication] - Started CalendarApplication in 1.002 seconds (process running for 313.848)
2026-09-22 11:33:57 INFO  [calendar.planner.PlannerController] - home()
2026-09-22 11:33:57 INFO  [calendar.planner.PlannerController] - home()
2026-09-22 11:34:10 INFO  [calendar.planner.PlannerController] - home()
2026-09-22 11:34:13 INFO  [calendar.planner.PlannerController] - home()
2026-09-22 11:34:19 INFO  [calendar.planner.PlannerController] - home()
2026-09-22 11:34:39 INFO  [calendar.planner.PlannerController] - home()
2026-09-22 11:34:49 INFO  [calendar.planner.PlannerController] - home()
2026-09-22 11:38:10 INFO  [calendar.planner.PlannerController] - home()
2026-09-22 11:38:11 INFO  [office.calendar.CalendarApplication] - Starting CalendarApplication using Java 17.0.20.1 with PID 6456 (C:\lyh\springboot_intellij\pjt\calendar\build\classes\java\main started by DW in C:\lyh\springboot_intellij\pjt\calendar)
2026-09-22 11:38:11 INFO  [office.calendar.CalendarApplication] - No active profile set, falling back to 1 default profile: "default"
2026-09-22 11:38:12 INFO  [office.calendar.CalendarApplication] - Started CalendarApplication in 0.894 seconds (process running for 569.541)
2026-09-22 11:38:16 INFO  [calendar.planner.PlannerController] - home()
2026-09-22 11:38:20 INFO  [calendar.planner.PlannerController] - home()
2026-09-22 11:38:25 INFO  [calendar.planner.PlannerController] - home()
2026-09-22 12:08:09 INFO  [office.calendar.CalendarApplication] - Starting CalendarApplication using Java 17.0.20.1 with PID 13704 (C:\lyh\springboot_intellij\pjt\calendar\build\classes\java\main started by DW in C:\lyh\springboot_intellij\pjt\calendar)
2026-09-22 12:08:09 INFO  [office.calendar.CalendarApplication] - No active profile set, falling back to 1 default profile: "default"
2026-09-22 12:08:14 INFO  [office.calendar.CalendarApplication] - Started CalendarApplication in 6.153 seconds (process running for 7.088)
2026-09-22 12:08:15 INFO  [calendar.planner.PlannerController] - home()
2026-09-22 12:08:17 INFO  [calendar.planner.PlannerController] - home()
2026-09-22 12:12:35 INFO  [office.calendar.CalendarApplication] - Starting CalendarApplication using Java 17.0.20.1 with PID 13296 (C:\lyh\springboot_intellij\pjt\calendar\build\classes\java\main started by DW in C:\lyh\springboot_intellij\pjt\calendar)
2026-09-22 12:12:35 INFO  [office.calendar.CalendarApplication] - No active profile set, falling back to 1 default profile: "default"
2026-09-22 12:12:41 INFO  [office.calendar.CalendarApplication] - Started CalendarApplication in 6.255 seconds (process running for 7.109)
2026-09-22 12:13:08 INFO  [calendar.planner.PlannerController] - home()
